[psdconverthtml.com/live/yourjob/yourjob-v1/index.html]
[backblue.gif]
[fade.gif]
[index.html]
[psdconverthtml.com/live/yourjob/yourjob-v1/images/favicon.ico]
[psdconverthtml.com/live/yourjob/yourjob-v1/images/apple-touch-icon.png]
[psdconverthtml.com/live/yourjob/yourjob-v1/images/apple-touch-icon-57x57.png]
[psdconverthtml.com/live/yourjob/yourjob-v1/images/apple-touch-icon-72x72.png]
[psdconverthtml.com/live/yourjob/yourjob-v1/images/apple-touch-icon-76x76.png]
[psdconverthtml.com/live/yourjob/yourjob-v1/images/apple-touch-icon-114x114.png]
[psdconverthtml.com/live/yourjob/yourjob-v1/images/apple-touch-icon-120x120.png]
[psdconverthtml.com/live/yourjob/yourjob-v1/images/apple-touch-icon-144x144.png]
[psdconverthtml.com/live/yourjob/yourjob-v1/images/apple-touch-icon-152x152.png]
[psdconverthtml.com/live/yourjob/yourjob-v1/css/bootstrap.min.css]
[psdconverthtml.com/live/yourjob/yourjob-v1/css/responsive.css]
[psdconverthtml.com/live/yourjob/yourjob-v1/css/colors.css]
[psdconverthtml.com/live/yourjob/yourjob-v1/css/custom.css]
[psdconverthtml.com/live/yourjob/yourjob-v1/images/logo.png]
[psdconverthtml.com/live/yourjob/yourjob-v1/job-single.html]
[psdconverthtml.com/live/yourjob/yourjob-v1/job-search.html]
[psdconverthtml.com/live/yourjob/yourjob-v1/job-search-map.html]
[psdconverthtml.com/live/yourjob/yourjob-v1/employer-dashboard.html]
[psdconverthtml.com/live/yourjob/yourjob-v1/employer-profile.html]
[psdconverthtml.com/live/yourjob/yourjob-v1/employer-listing.html]
[psdconverthtml.com/live/yourjob/yourjob-v1/employer-manage-jobs.html]
[psdconverthtml.com/live/yourjob/yourjob-v1/employer-submit-job.html]
[psdconverthtml.com/live/yourjob/yourjob-v1/employer-favorites.html]
[psdconverthtml.com/live/yourjob/yourjob-v1/employer-transactions.html]
[psdconverthtml.com/live/yourjob/yourjob-v1/employer-change-password.html]
[psdconverthtml.com/live/yourjob/yourjob-v1/freelancer-profile.html]
[psdconverthtml.com/live/yourjob/yourjob-v1/freelancer-edit-resume.html]
[psdconverthtml.com/live/yourjob/yourjob-v1/freelancer-active-jobs.html]
[psdconverthtml.com/live/yourjob/yourjob-v1/freelancer-passed-jobs.html]
[psdconverthtml.com/live/yourjob/yourjob-v1/freelancer-change-password.html]
[psdconverthtml.com/live/yourjob/yourjob-v1/freelancer-search.html]
[psdconverthtml.com/live/yourjob/yourjob-v1/freelancer-search-map.html]
[psdconverthtml.com/live/yourjob/yourjob-v1/freelancer-listing.html]
[psdconverthtml.com/live/yourjob/yourjob-v1/freelancer-add-resume.html]
[psdconverthtml.com/live/yourjob/yourjob-v1/page-about.html]
[psdconverthtml.com/live/yourjob/yourjob-v1/page-services.html]
[psdconverthtml.com/live/yourjob/yourjob-v1/shop.html]
[psdconverthtml.com/live/yourjob/yourjob-v1/shop-single.html]
[psdconverthtml.com/live/yourjob/yourjob-v1/shop-single-alt.html]
[psdconverthtml.com/live/yourjob/yourjob-v1/shop-cart.html]
[psdconverthtml.com/live/yourjob/yourjob-v1/shop-checkout.html]
[psdconverthtml.com/live/yourjob/yourjob-v1/page-pricing.html]
[psdconverthtml.com/live/yourjob/yourjob-v1/page-testimonial.html]
[psdconverthtml.com/live/yourjob/yourjob-v1/page-shortcodes.html]
[psdconverthtml.com/live/yourjob/yourjob-v1/page-contact.html]
[psdconverthtml.com/live/yourjob/yourjob-v1/page-login.html]
[psdconverthtml.com/live/yourjob/yourjob-v1/page-faqs.html]
[psdconverthtml.com/live/yourjob/yourjob-v1/page-404.html]
[psdconverthtml.com/live/yourjob/yourjob-v1/blog.html]
[psdconverthtml.com/live/yourjob/yourjob-v1/job-add.html]
[psdconverthtml.com/live/yourjob/yourjob-v1/upload/demo.jpg]
[psdconverthtml.com/live/yourjob/yourjob-v1/upload/job_01.jpg]
[psdconverthtml.com/live/yourjob/yourjob-v1/upload/job_02.jpg]
[psdconverthtml.com/live/yourjob/yourjob-v1/upload/job_03.jpg]
[psdconverthtml.com/live/yourjob/yourjob-v1/upload/job_04.jpg]
[psdconverthtml.com/live/yourjob/yourjob-v1/upload/about.jpg]
[psdconverthtml.com/live/yourjob/yourjob-v1/upload/about_01.jpg]
[psdconverthtml.com/live/yourjob/yourjob-v1/upload/about_03.jpg]
[psdconverthtml.com/live/yourjob/yourjob-v1/upload/about_04.jpg]
[psdconverthtml.com/live/yourjob/yourjob-v1/upload/testi_09.png]
[psdconverthtml.com/live/yourjob/yourjob-v1/upload/testi_08.png]
[psdconverthtml.com/live/yourjob/yourjob-v1/upload/testi_07.png]
[psdconverthtml.com/live/yourjob/yourjob-v1/upload/testi_06.png]
[psdconverthtml.com/live/yourjob/yourjob-v1/upload/testi_05.png]
[psdconverthtml.com/live/yourjob/yourjob-v1/upload/testi_04.png]
[psdconverthtml.com/live/yourjob/yourjob-v1/employer-edit-profile.48.delayed]
[psdconverthtml.com/live/yourjob/yourjob-v1/images/mobile_01.png]
[psdconverthtml.com/live/yourjob/yourjob-v1/images/mobile_02.png]
[psdconverthtml.com/live/yourjob/yourjob-v1/upload/me.jpg]
[psdconverthtml.com/live/yourjob/yourjob-v1/js/jquery.js]
[psdconverthtml.com/live/yourjob/yourjob-v1/js/bootstrap.min.js]
[psdconverthtml.com/live/yourjob/yourjob-v1/js/custom.js]
[psdconverthtml.com/live/yourjob/yourjob-v1/js/all.js]
[psdconverthtml.com/live/yourjob/yourjob-v1/js/map-job.js]
[psdconverthtml.com/live/yourjob/yourjob-v1/index.html]
[psdconverthtml.com/live/yourjob/yourjob-v1/js/map-upload.js]
[psdconverthtml.com/live/yourjob/yourjob-v1/fonts/glyphicons-halflings-regular.eot]
[psdconverthtml.com/live/yourjob/yourjob-v1/fonts/glyphicons-halflings-regulard41d.eot]
[psdconverthtml.com/live/yourjob/yourjob-v1/fonts/glyphicons-halflings-regular.woff]
[psdconverthtml.com/live/yourjob/yourjob-v1/css/bootstrap.min.css]
[psdconverthtml.com/live/yourjob/yourjob-v1/css/responsive.css]
[psdconverthtml.com/live/yourjob/yourjob-v1/css/colors.css]
[psdconverthtml.com/live/yourjob/yourjob-v1/css/custom.css]
[psdconverthtml.com/live/yourjob/yourjob-v1/job-single.html]
[psdconverthtml.com/live/yourjob/yourjob-v1/upload/fbg.jpg]
[psdconverthtml.com/live/yourjob/yourjob-v1/job-search.html]
[psdconverthtml.com/live/yourjob/yourjob-v1/job-search-map.html]
[psdconverthtml.com/live/yourjob/yourjob-v1/upload/job_07.jpg]
[psdconverthtml.com/live/yourjob/yourjob-v1/style.css]
[psdconverthtml.com/live/yourjob/yourjob-v1/upload/parallax_03.jpg]
[psdconverthtml.com/live/yourjob/yourjob-v1/js/map-normal.js]
[psdconverthtml.com/live/yourjob/yourjob-v1/employer-profile.html]
[psdconverthtml.com/live/yourjob/yourjob-v1/employer-dashboard.html]
[psdconverthtml.com/live/yourjob/yourjob-v1/upload/job_08.jpg]
[psdconverthtml.com/live/yourjob/yourjob-v1/upload/job_10.jpg]
[psdconverthtml.com/live/yourjob/yourjob-v1/upload/job_14.jpg]
[psdconverthtml.com/live/yourjob/yourjob-v1/upload/job_15.jpg]
[psdconverthtml.com/live/yourjob/yourjob-v1/upload/job_17.jpg]
[psdconverthtml.com/live/yourjob/yourjob-v1/upload/job_11.jpg]
[psdconverthtml.com/live/yourjob/yourjob-v1/upload/job_12.jpg]
[psdconverthtml.com/live/yourjob/yourjob-v1/employer-listing.html]
[psdconverthtml.com/live/yourjob/yourjob-v1/employer-manage-jobs.html]
[psdconverthtml.com/live/yourjob/yourjob-v1/employer-submit-job.html]
[psdconverthtml.com/live/yourjob/yourjob-v1/upload/testi_01.png]
[psdconverthtml.com/live/yourjob/yourjob-v1/js/filter_02.js]
[psdconverthtml.com/live/yourjob/yourjob-v1/upload/testi_02.png]
[psdconverthtml.com/live/yourjob/yourjob-v1/upload/testi_03.png]
[psdconverthtml.com/live/yourjob/yourjob-v1/employer-favorites.html]
[psdconverthtml.com/live/yourjob/yourjob-v1/employer-transactions.html]
[psdconverthtml.com/live/yourjob/yourjob-v1/employer-change-password.html]
[psdconverthtml.com/live/yourjob/yourjob-v1/freelancer-profile.html]
[psdconverthtml.com/live/yourjob/yourjob-v1/freelancer-dashboard.html]
[psdconverthtml.com/live/yourjob/yourjob-v1/freelancer-edit-resume.html]
[psdconverthtml.com/live/yourjob/yourjob-v1/freelancer-active-jobs.html]
[psdconverthtml.com/live/yourjob/yourjob-v1/freelancer-passed-jobs.html]
[psdconverthtml.com/live/yourjob/yourjob-v1/freelancer-change-password.html]
[psdconverthtml.com/live/yourjob/yourjob-v1/upload/blogbg.jpg]
[psdconverthtml.com/live/yourjob/yourjob-v1/freelancer-search.html]
[psdconverthtml.com/live/yourjob/yourjob-v1/freelancer-search-map.html]
[psdconverthtml.com/live/yourjob/yourjob-v1/js/map-freelancer.js]
[psdconverthtml.com/live/yourjob/yourjob-v1/freelancer-listing.html]
[psdconverthtml.com/live/yourjob/yourjob-v1/freelancer-add-resume.html]
[psdconverthtml.com/live/yourjob/yourjob-v1/page-about.html]
[psdconverthtml.com/live/yourjob/yourjob-v1/js/filter_01.js]
[psdconverthtml.com/live/yourjob/yourjob-v1/upload/service_02.jpg]
[psdconverthtml.com/live/yourjob/yourjob-v1/upload/service_03.jpg]
[psdconverthtml.com/live/yourjob/yourjob-v1/upload/service_04.jpg]
[psdconverthtml.com/live/yourjob/yourjob-v1/upload/service_07.jpg]
[psdconverthtml.com/live/yourjob/yourjob-v1/page-services.html]
[psdconverthtml.com/live/yourjob/yourjob-v1/upload/shop_02.png]
[psdconverthtml.com/live/yourjob/yourjob-v1/upload/shop_03.png]
[psdconverthtml.com/live/yourjob/yourjob-v1/upload/shop_04.png]
[psdconverthtml.com/live/yourjob/yourjob-v1/upload/shop_05.png]
[psdconverthtml.com/live/yourjob/yourjob-v1/upload/shop_06.png]
[psdconverthtml.com/live/yourjob/yourjob-v1/upload/shop_07.png]
[psdconverthtml.com/live/yourjob/yourjob-v1/upload/shop_08.png]
[psdconverthtml.com/live/yourjob/yourjob-v1/upload/shop_09.png]
[psdconverthtml.com/live/yourjob/yourjob-v1/shop.html]
[psdconverthtml.com/live/yourjob/yourjob-v1/shop-single.html]
[psdconverthtml.com/live/yourjob/yourjob-v1/shop-single-alt.html]
[psdconverthtml.com/live/yourjob/yourjob-v1/shop-cart.html]
[psdconverthtml.com/live/yourjob/yourjob-v1/upload/payment_01.png]
[psdconverthtml.com/live/yourjob/yourjob-v1/upload/payment_02.png]
[psdconverthtml.com/live/yourjob/yourjob-v1/upload/payment_03.png]
[psdconverthtml.com/live/yourjob/yourjob-v1/upload/payment_04.png]
[psdconverthtml.com/live/yourjob/yourjob-v1/upload/payment_05.png]
[psdconverthtml.com/live/yourjob/yourjob-v1/shop-checkout.html]
[psdconverthtml.com/live/yourjob/yourjob-v1/page-pricing.html]
[psdconverthtml.com/live/yourjob/yourjob-v1/page-testimonial.html]
[psdconverthtml.com/live/yourjob/yourjob-v1/upload/payment_06.png]
[psdconverthtml.com/live/yourjob/yourjob-v1/about.88.delayed]
[psdconverthtml.com/live/yourjob/yourjob-v1/services.8a.delayed]
[psdconverthtml.com/live/yourjob/yourjob-v1/elements.8c.delayed]
[psdconverthtml.com/live/yourjob/yourjob-v1/page.html]
[psdconverthtml.com/live/yourjob/yourjob-v1/404.html]
[psdconverthtml.com/live/yourjob/yourjob-v1/page-shortcodes.html]
[psdconverthtml.com/live/yourjob/yourjob-v1/page-contact.html]
[psdconverthtml.com/live/yourjob/yourjob-v1/page-login.html]
[psdconverthtml.com/live/yourjob/yourjob-v1/page-faqs.html]
[psdconverthtml.com/live/yourjob/yourjob-v1/page-404.html]
[psdconverthtml.com/live/yourjob/yourjob-v1/single.html]
[psdconverthtml.com/live/yourjob/yourjob-v1/upload/blog_05.jpg]
[psdconverthtml.com/live/yourjob/yourjob-v1/upload/blog_04.jpg]
[psdconverthtml.com/live/yourjob/yourjob-v1/blog-single-sidebar.98.delayed]
[psdconverthtml.com/live/yourjob/yourjob-v1/upload/pager_01.png]
[psdconverthtml.com/live/yourjob/yourjob-v1/upload/pager_02.png]
[psdconverthtml.com/live/yourjob/yourjob-v1/blog.html]
[psdconverthtml.com/live/yourjob/yourjob-v1/job-add.html]
[psdconverthtml.com/live/yourjob/yourjob-v1/upload/pager_03.jpg]
[psdconverthtml.com/live/yourjob/yourjob-v1/upload/job_06.jpg]
[psdconverthtml.com/live/yourjob/yourjob-v1/upload/job_05.jpg]
[psdconverthtml.com/live/yourjob/yourjob-v1/employer-edit-profile.html]
[psdconverthtml.com/live/yourjob/yourjob-v1/fonts/glyphicons-halflings-regular.html]
[psdconverthtml.com/live/yourjob/yourjob-v1/fonts/glyphicons-halflings-regular.svg]
[psdconverthtml.com/live/yourjob/yourjob-v1/css/owl.carousel.css]
[psdconverthtml.com/live/yourjob/yourjob-v1/css/font-awesome.css]
[psdconverthtml.com/live/yourjob/yourjob-v1/css/open-iconic.min.css]
[psdconverthtml.com/live/yourjob/yourjob-v1/fonts/poppins-bold-webfont.woff]
[psdconverthtml.com/live/yourjob/yourjob-v1/fonts/poppins-light-webfont.woff]
[psdconverthtml.com/live/yourjob/yourjob-v1/fonts/poppins-medium-webfont.woff]
[psdconverthtml.com/live/yourjob/yourjob-v1/fonts/poppins-regular-webfont.woff]
[psdconverthtml.com/live/yourjob/yourjob-v1/fonts/poppins-semibold-webfont.woff]
[psdconverthtml.com/live/yourjob/yourjob-v1/style.css]
[psdconverthtml.com/live/yourjob/yourjob-v1/images/bg.png]
[psdconverthtml.com/live/yourjob/yourjob-v1/upload/employer.jpg]
[psdconverthtml.com/live/yourjob/yourjob-v1/upload/job_13.jpg]
[psdconverthtml.com/live/yourjob/yourjob-v1/upload/job_09.jpg]
[psdconverthtml.com/live/yourjob/yourjob-v1/upload/job_16.jpg]
[psdconverthtml.com/live/yourjob/yourjob-v1/upload/job_19.jpg]
[psdconverthtml.com/live/yourjob/yourjob-v1/freelancer-dashboard.html]
[psdconverthtml.com/live/yourjob/yourjob-v1/upload/service_06.jpg]
[psdconverthtml.com/live/yourjob/yourjob-v1/upload/service_08.jpg]
[psdconverthtml.com/live/yourjob/yourjob-v1/about.html]
[psdconverthtml.com/live/yourjob/yourjob-v1/services.html]
[psdconverthtml.com/live/yourjob/yourjob-v1/elements.html]
[psdconverthtml.com/live/yourjob/yourjob-v1/page.html]
[psdconverthtml.com/live/yourjob/yourjob-v1/404.html]
[psdconverthtml.com/live/yourjob/yourjob-v1/upload/alignright.png]
[psdconverthtml.com/live/yourjob/yourjob-v1/sitemap.html]
[psdconverthtml.com/live/yourjob/yourjob-v1/author.b0.delayed]
[psdconverthtml.com/live/yourjob/yourjob-v1/upload/avatar_02.png]
[psdconverthtml.com/live/yourjob/yourjob-v1/single.html]
[psdconverthtml.com/live/yourjob/yourjob-v1/upload/avatar_03.png]
[psdconverthtml.com/live/yourjob/yourjob-v1/blog-single-sidebar.html]
[psdconverthtml.com/live/yourjob/yourjob-v1/upload/blog_03.jpg]
[psdconverthtml.com/live/yourjob/yourjob-v1/upload/blog_02.jpg]
[psdconverthtml.com/live/yourjob/yourjob-v1/upload/blog_01.jpg]
[psdconverthtml.com/live/yourjob/yourjob-v1/upload/about_02.jpg]
[psdconverthtml.com/live/yourjob/yourjob-v1/images/flogo.png]
[psdconverthtml.com/live/yourjob/yourjob-v1/fonts/glyphicons-halflings-regular.ttf]
[psdconverthtml.com/live/yourjob/yourjob-v1/css/owl.video.play.b5.delayed]
[psdconverthtml.com/live/yourjob/yourjob-v1/css/owl.carousel.css]
[psdconverthtml.com/live/yourjob/yourjob-v1/fonts/fontawesome-webfont5b62.woff]
[psdconverthtml.com/live/yourjob/yourjob-v1/fonts/fontawesome-webfont5b62.ttf]
[psdconverthtml.com/live/yourjob/yourjob-v1/css/font-awesome.css]
[psdconverthtml.com/live/yourjob/yourjob-v1/fonts/open-iconic.eot]
[psdconverthtml.com/live/yourjob/yourjob-v1/fonts/open-iconic.ttf]
[psdconverthtml.com/live/yourjob/yourjob-v1/fonts/open-iconic.otf]
[psdconverthtml.com/live/yourjob/yourjob-v1/css/open-iconic.min.css]
[psdconverthtml.com/live/yourjob/yourjob-v1/fonts/poppins-bold-webfont.html]
[psdconverthtml.com/live/yourjob/yourjob-v1/fonts/poppins-light-webfont.html]
[psdconverthtml.com/live/yourjob/yourjob-v1/fonts/poppins-medium-webfont.html]
[psdconverthtml.com/live/yourjob/yourjob-v1/fonts/poppins-regular-webfont.html]
[psdconverthtml.com/live/yourjob/yourjob-v1/fonts/poppins-semibold-webfont.html]
[psdconverthtml.com/live/yourjob/yourjob-v1/upload/service_01.jpg]
[psdconverthtml.com/live/yourjob/yourjob-v1/upload/service_05.jpg]
[psdconverthtml.com/live/yourjob/yourjob-v1/sitemap.html]
[psdconverthtml.com/live/yourjob/yourjob-v1/js/map.js]
[psdconverthtml.com/live/yourjob/yourjob-v1/author.html]
[psdconverthtml.com/live/yourjob/yourjob-v1/upload/alignleft.png]
[psdconverthtml.com/live/yourjob/yourjob-v1/css/owl.video.play.html]
[psdconverthtml.com/live/yourjob/yourjob-v1/fonts/fontawesome-webfont5b62.html]
[psdconverthtml.com/live/yourjob/yourjob-v1/fonts/fontawesome-webfont5b62.svg]
[psdconverthtml.com/live/yourjob/yourjob-v1/fonts/open-iconic.woff]
[psdconverthtml.com/live/yourjob/yourjob-v1/fonts/open-iconic.svg]
[psdconverthtml.com/live/yourjob/yourjob-v1/upload/job_18.jpg]
[psdconverthtml.com/live/yourjob/yourjob-v1/upload/shop_01.png]
[psdconverthtml.com/live/yourjob/yourjob-v1/fonts/fontawesome-webfont5b62.eot]
[psdconverthtml.com/live/yourjob/yourjob-v1/fonts/fontawesome-webfontd41d.eot]
[psdconverthtml.com/live/yourjob/yourjob-v1/upload/avatar_01.jpg]
[psdconverthtml.com/live/yourjob/yourjob-v1/fonts/open-iconicd41d.eot]
